// Jest Snapshot v1, https://goo.gl/fbAQLP

exports[`Empty todo list gets rendered 1`] = `
<div
  id="emptyToDo"
>
  <h4
    id="emptyToDoText"
  >
    Nothing in the list! Click the button below to get started
  </h4>
</div>
`;
